// Jest Snapshot v1, https://goo.gl/fbAQLP

exports[`App component renders App 1`] = `
<DocumentFragment>
  <div>
    <div>
      <button>
        Load Quote
      </button>
    </div>
  </div>
</DocumentFragment>
`;
